Microchip MPLAB XC8 Compiler V2.30

Linker command line:

-W-3 --edf=/Applications/microchip/xc8/v2.30/pic/dat/en_msgs.txt -cn \
  -h+dist/default/production/bubble_mashine.X.production.sym \
  --cmf=dist/default/production/bubble_mashine.X.production.cmf -z -Q10F202 \
  -o/tmp/xch9NxoAu --defsym=__MPLAB_BUILD=1 \
  -Mdist/default/production/bubble_mashine.X.production.map -E1 \
  -ver=XC8 Compiler --acfsm=1493 -ASTACK=0Dh-01Bh -pstack=STACK \
  -ACODE=00h-01FEh -ASTRCODE=00h-01FEh -ASTRING=00h-0FFh \
  -AENTRY=00h-0FFh-01FEh -ABANK0=08h-01Dh -ARAM=08h-01Dh -AABS1=08h-01Fh \
  -ACOMMON=01Ch-01Fh -ASFR0=00h-07h -ACONFIG=0FFFh-0FFFh -DCONFIG=2 \
  -AIDLOC=0200h-0203h -DIDLOC=2 -DCODE=2 -DSTRCODE=2 -DSTRING=2 -DCONST=2 \
  -DENTRY=2 -preset_vec=01ffh,reset_wrap=0h,init,end_init,cinit,clrtext \
  -ppowerup=CODE -pfunctab=ENTRY -pstrings=-STRING -k /tmp/xcY6LjS9C.o \
  dist/default/production/bubble_mashine.X.production.o 

Object code version is 3.11

Machine type is 10F202



                Name                               Link     Load   Length Selector   Space Scale
/tmp/xcY6LjS9C.o
                end_init                              0        0        1        0       0
                reset_vec                           1FF      1FF        1      3FE       0
                config                              FFF      FFF        1        0       4
dist/default/production/bubble_mashine.X.production.o
                cinit                                 1        1        2        0       0
                config                              FFF      FFF        1        0       4
                text2                               193      193        8      326       0
                jmp_tab                               3        3        2        0       0
                text1                               19B      19B       32      336       0
                maintext                            1CD      1CD       32      39A       0
                cstackBANK0                           8        8        5        8       1

TOTAL           Name                               Link     Load   Length     Space
        CLASS   STACK          

        CLASS   CODE           
                reset_vec                           1FF      1FF        1         0
                text2                               193      193        8         0
                text1                               19B      19B       32         0
                maintext                            1CD      1CD       32         0

        CLASS   STRCODE        

        CLASS   STRING         

        CLASS   ENTRY          
                end_init                              0        0        1         0
                cinit                                 1        1        2         0
                jmp_tab                               3        3        2         0

        CLASS   BANK0          
                cstackBANK0                           8        8        5         1

        CLASS   RAM            

        CLASS   ABS1           
                abs_s1                               1C       1C        4         1

        CLASS   COMMON         

        CLASS   SFR0           

        CLASS   CONFIG         
                config                              FFF      FFF        1         4

        CLASS   IDLOC          

        CLASS   CONST          



SEGMENTS        Name                           Load    Length   Top    Selector   Space  Class     Delta

                text1                          00019B  000032  0001CD       336       0  CODE        2
                reset_wrap                     000000  000005  000005         0       0  ENTRY       2
                maintext                       0001CD  000032  0001FF       39A       0  CODE        2
                text2                          000193  000008  00019B       326       0  CODE        2
                reset_vec                      0001FF  000001  000200       3FE       0  CODE        2
                cstackBANK0                    000008  000005  00000D         8       1  BANK0       1


UNUSED ADDRESS RANGES

        Name                Unused          Largest block    Delta
        BANK0            000D-001B              F           1
        CODE             0005-0192            18E           2
        ENTRY            0005-00FF+0093         FB           2
        IDLOC            0200-0203              4           2
        RAM              000D-001B              F           1
        SFR0             0000-0007              8           1
        STACK            000D-001B              F           1
        STRCODE          0005-0192            18E           2
        STRING           0005-00FF             FB           2

                                  Symbol Table

_GP0                     (abs)        0030
_GP1                     (abs)        0031
_GP2                     (abs)        0032
_OPTION                  (abs)        0000
_TMR0                    (abs)        0001
_TRIS                    (abs)        0006
__Habs1                  abs1         0000
__Hbank0                 bank0        0000
__Hcinit                 cinit        0003
__Hclrtext               clrtext      0003
__Hcode                  code         0000
__Hcommon                common       0000
__Hconfig                config       1000
__HcstackBANK0           cstackBANK0  0000
__HcstackCOMMON          cstackCOMMON 0000
__Hend_init              end_init     0001
__Hfunctab               functab      0000
__Hinit                  init         0000
__Hjmp_tab               jmp_tab      0000
__Hmaintext              maintext     0000
__Hpowerup               powerup      0000
__Hram                   ram          0000
__Hreset_vec             reset_vec    0200
__Hreset_wrap            reset_wrap   0000
__Hsfr0                  sfr0         0000
__Hspace_0               (abs)        0200
__Hspace_1               (abs)        000D
__Hspace_2               (abs)        0000
__Hspace_4               (abs)        1FFF
__Hstack                 stack        0000
__Hstrings               strings      0000
__Htext                  text         0000
__Labs1                  abs1         0000
__Lbank0                 bank0        0000
__Lcinit                 cinit        0001
__Lclrtext               clrtext      0003
__Lcode                  code         0000
__Lcommon                common       0000
__Lconfig                config       0000
__LcstackBANK0           cstackBANK0  0000
__LcstackCOMMON          cstackCOMMON 0000
__Lend_init              end_init     0000
__Lfunctab               functab      0000
__Linit                  init         0000
__Ljmp_tab               jmp_tab      0000
__Lmaintext              maintext     0000
__Lpowerup               powerup      0000
__Lram                   ram          0000
__Lreset_vec             reset_vec    01FF
__Lreset_wrap            reset_wrap   0000
__Lsfr0                  sfr0         0000
__Lspace_0               (abs)        0000
__Lspace_1               (abs)        0000
__Lspace_2               (abs)        0000
__Lspace_4               (abs)        0000
__Lstack                 stack        0000
__Lstrings               strings      0000
__Ltext                  text         0000
__S0                     (abs)        01FF
__S1                     (abs)        000D
__S2                     (abs)        0000
___int_sp                stack        0000
___latbits               (abs)        0000
___sp                    stack        0000
___stackhi               (abs)        0000
___stacklo               (abs)        0000
__end_of__initialization cinit        0001
__end_of_init            text2        019B
__end_of_main            maintext     01FF
__end_of_move            text1        01CD
__initialization         cinit        0001
__pcstackBANK0           cstackBANK0  0008
__pcstackCOMMON          cstackCOMMON 0000
__pjmp_tab               jmp_tab      0003
__pmaintext              maintext     01CD
__ptext1                 text1        019B
__ptext2                 text2        0193
__size_of_init           (abs)        0000
__size_of_main           (abs)        0000
__size_of_move           (abs)        0000
_init                    text2        0193
_main                    maintext     01CD
_move                    text1        019B
btemp                    (abs)        001C
end_of_initialization    cinit        0001
entry__init              jmp_tab      0004
entry__move              jmp_tab      0003
ltemp0                   (abs)        001C
main@y                   cstackBANK0  000B
move@d                   cstackBANK0  0009
move@i                   cstackBANK0  000A
move@x                   cstackBANK0  0008
reset_vec                reset_vec    01FF
start                    init         0000
start_initialization     cinit        0001
ttemp0                   (abs)        001C
wtemp0                   (abs)        001C
wtemp1                   (abs)        001E


FUNCTION INFORMATION:

 *************** function _main *****************
 Defined at:
		line 169 in file "main.c"
 Parameters:    Size  Location     Type
		None
 Auto vars:     Size  Location     Type
  y               2    3[BANK0 ] unsigned int 
  i               1    0        unsigned char 
 Return value:  Size  Location     Type
                  1   32[None  ] void 
 Registers used:
		wreg, fsr0l, fsr0h, status,2, status,0, btemp+0, btemp+1, btemp+3, pclath, cstack
 Tracked objects:
		On entry : 
		On exit  : 
		Unchanged: 
 Data sizes:     COMMON   BANK0
      Params:         0       0
      Locals:         0       2
      Temps:          0       0
      Totals:         0       2
Total ram usage:        2 bytes
 Hardware stack levels required when called:    1
 This function calls:
		_init
		_move
 This function is called by:
		Startup code after reset
 This function uses a non-reentrant model


 *************** function _move *****************
 Defined at:
		line 67 in file "main.c"
 Parameters:    Size  Location     Type
  d               1    wreg     unsigned char 
  x               1    0[BANK0 ] unsigned char 
 Auto vars:     Size  Location     Type
  d               1    1[BANK0 ] unsigned char 
  i               1    2[BANK0 ] unsigned char 
 Return value:  Size  Location     Type
                  1    0[BANK0 ] void 
 Registers used:
		wreg, fsr0l, fsr0h, status,2, status,0, btemp+3
 Tracked objects:
		On entry : 
		On exit  : 
		Unchanged: 
 Data sizes:     COMMON   BANK0
      Params:         0       1
      Locals:         0       2
      Temps:          0       0
      Totals:         0       3
Total ram usage:        3 bytes
 Hardware stack levels used:    1
 This function calls:
		Nothing
 This function is called by:
		_main
 This function uses a non-reentrant model


 *************** function _init *****************
 Defined at:
		line 53 in file "main.c"
 Parameters:    Size  Location     Type
		None
 Auto vars:     Size  Location     Type
		None
 Return value:  Size  Location     Type
                  1   14[None  ] void 
 Registers used:
		wreg, fsr0l, fsr0h
 Tracked objects:
		On entry : 
		On exit  : 
		Unchanged: 
 Data sizes:     COMMON   BANK0
      Params:         0       0
      Locals:         0       0
      Temps:          0       0
      Totals:         0       0
Total ram usage:        0 bytes
 Hardware stack levels used:    1
 This function calls:
		Nothing
 This function is called by:
		_main
 This function uses a non-reentrant model



MODULE INFORMATION

Module		Function		Class		Link	Load	Size
shared
		__initialization		ENTRY          	0001	0000	1

shared estimated size: 1

main.c
		_init          		CODE           	0193	0000	8
		_main          		CODE           	01CD	0000	50
		_move          		CODE           	019B	0000	50

main.c estimated size: 108

